шард data/train-00000-of-00039.parquet: пар соседних 0, контрольных 0
D0: в шарде нет позитивных клипов (label==1) — вердикт не считается
шард data/train-00010-of-00039.parquet: пар соседних 300, контрольных 295
скачок соседних:  медиана 4.40  p90 11.85
скачок контроля:  медиана 5.62  p90 12.97

D0: соседние клипы НЕ смежны: медиана скачка 4.40, контроль 5.62 — распределения совпадают
шард data/train-00025-of-00039.parquet: пар соседних 300, контрольных 295
скачок соседних:  медиана 5.47  p90 15.08
скачок контроля:  медиана 6.41  p90 14.65

D0: соседние клипы НЕ смежны: медиана скачка 5.47, контроль 6.41 — распределения совпадают
--- проверка раскладки label по всем 39 шардам DADS (без сети, из локального кэша) ---
шард  0: pos=    0 neg= 4624 all-0
шард  1: pos=    0 neg= 4624 all-0
шард  2: pos=    0 neg= 4624 all-0
шард  3: pos= 1767 neg= 2857 mixed
шард  4: pos= 4624 neg=    0 all-1
шард  5: pos= 4624 neg=    0 all-1
шард  6: pos= 4624 neg=    0 all-1
шард  7: pos= 4624 neg=    0 all-1
шард  8: pos= 4624 neg=    0 all-1
шард  9: pos= 4624 neg=    0 all-1
шард 10: pos= 4624 neg=    0 all-1
шард 11: pos= 4624 neg=    0 all-1
шард 12: pos= 4624 neg=    0 all-1
шард 13: pos= 4624 neg=    0 all-1
шард 14: pos= 4624 neg=    0 all-1
шард 15: pos= 4624 neg=    0 all-1
шард 16: pos= 4624 neg=    0 all-1
шард 17: pos= 4624 neg=    0 all-1
шард 18: pos= 4624 neg=    0 all-1
шард 19: pos= 4624 neg=    0 all-1
шард 20: pos= 4624 neg=    0 all-1
шард 21: pos= 4624 neg=    0 all-1
шард 22: pos= 4624 neg=    0 all-1
шард 23: pos= 4623 neg=    0 all-1
шард 24: pos= 4623 neg=    0 all-1
шард 25: pos= 4623 neg=    0 all-1
шард 26: pos= 4623 neg=    0 all-1
шард 27: pos= 4623 neg=    0 all-1
шард 28: pos= 4623 neg=    0 all-1
шард 29: pos= 4623 neg=    0 all-1
шард 30: pos= 4623 neg=    0 all-1
шард 31: pos= 4623 neg=    0 all-1
шард 32: pos= 4623 neg=    0 all-1
шард 33: pos= 4623 neg=    0 all-1
шард 34: pos= 4623 neg=    0 all-1
шард 35: pos= 4623 neg=    0 all-1
шард 36: pos= 4623 neg=    0 all-1
шард 37: pos= 4623 neg=    0 all-1
шард 38: pos= 4623 neg=    0 all-1
итого: pos=163591 neg=16729 (сумма позитивов совпадает со 163591 из спецификации: True)
